✖ G09 收集列表为完整奖励账本提供中文名称，不能退回稳定 ID 或遗漏奖励 (1.336625ms)
✖ G10 所有分期收集列表的奖励都能取得完整账本中的名称 (1.538458ms)
ℹ tests 2
ℹ suites 0
ℹ pass 0
ℹ fail 2
ℹ cancelled 0
ℹ skipped 0
ℹ todo 0
ℹ duration_ms 89.478167

✖ failing tests:

test at tests/labels.test.ts:6:1
✖ G09 收集列表为完整奖励账本提供中文名称，不能退回稳定 ID 或遗漏奖励 (1.336625ms)
  AssertionError [ERR_ASSERTION]: Expected values to be strictly deep-equal:
  + actual - expected
  
    [
      'a.supply.firewall.core',
      'a.supply.firewall.deep',
      'a.supply.firewall.inner',
  -   'a.supply.maze01',
      'a.supply.maze03',
      'a.supply.revisit',
      'b.supply.antivirus.heavy',
      'b.supply.antivirus.light',
      'b.supply.antivirus.medium',
  
      at TestContext.<anonymous> (file:///private/var/folders/4s/gltp69rs7tzgs6lp0mb4kbtc0000gn/T/cgw-presentation-guard-nxdq7lyc/reward-label-missing/tests/labels.test.ts:7:10)
      at Test.runInAsyncScope (node:async_hooks:227:14)
      at Test.run (node:internal/test_runner/test:1325:25)
      at Test.start (node:internal/test_runner/test:1191:17)
      at startSubtestAfterBootstrap (node:internal/test_runner/harness:385:17) {
    generatedMessage: true,
    code: 'ERR_ASSERTION',
    actual: [
      'a.supply.firewall.core',   'a.supply.firewall.deep',
      'a.supply.firewall.inner',  'a.supply.maze03',
      'a.supply.revisit',         'b.supply.antivirus.heavy',
      'b.supply.antivirus.light', 'b.supply.antivirus.medium',
      'b.supply.line01',          'b.supply.line02',
      'b.supply.revisit',         'c.supply.route.entry',
      'c.supply.route.exit',      'c.supply.side',
      'c.supply.theft01',         'c.supply.theft02',
      'c.supply.theft03',         'd.supply.ghosts',
      'd.supply.hidden',          'd.supply.permission01',
      'd.supply.permission02',    'd.supply.permission03',
      'd.supply.permission04',    'hub.supply.final',
      'hub.supply.tutorial'
    ],
    expected: [
      'a.supply.firewall.core',    'a.supply.firewall.deep',
      'a.supply.firewall.inner',   'a.supply.maze01',
      'a.supply.maze03',           'a.supply.revisit',
      'b.supply.antivirus.heavy',  'b.supply.antivirus.light',
      'b.supply.antivirus.medium', 'b.supply.line01',
      'b.supply.line02',           'b.supply.revisit',
      'c.supply.route.entry',      'c.supply.route.exit',
      'c.supply.side',             'c.supply.theft01',
      'c.supply.theft02',          'c.supply.theft03',
      'd.supply.ghosts',           'd.supply.hidden',
      'd.supply.permission01',     'd.supply.permission02',
      'd.supply.permission03',     'd.supply.permission04',
      'hub.supply.final',          'hub.supply.tutorial'
    ],
    operator: 'deepStrictEqual',
    diff: 'simple'
  }

test at tests/labels.test.ts:20:1
✖ G10 所有分期收集列表的奖励都能取得完整账本中的名称 (1.538458ms)
  AssertionError [ERR_ASSERTION]: M1: a.supply.maze01
      at TestContext.<anonymous> (file:///private/var/folders/4s/gltp69rs7tzgs6lp0mb4kbtc0000gn/T/cgw-presentation-guard-nxdq7lyc/reward-label-missing/tests/labels.test.ts:25:14)
      at Test.runInAsyncScope (node:async_hooks:227:14)
      at Test.run (node:internal/test_runner/test:1325:25)
      at Test.processPendingSubtests (node:internal/test_runner/test:911:18)
      at Test.postRun (node:internal/test_runner/test:1465:19)
      at Test.run (node:internal/test_runner/test:1390:12)
      at async startSubtestAfterBootstrap (node:internal/test_runner/harness:385:3) {
    generatedMessage: false,
    code: 'ERR_ASSERTION',
    actual: undefined,
    expected: true,
    operator: '==',
    diff: 'simple'
  }
