✖ I05 / M1 绕过能力拾取到达真实富集节点，必须先领取增幅仪才可清除 (3.503292ms)
✖ I05 / M2 绕过能力拾取到达真实富集节点，必须先领取增幅仪才可清除 (1.244625ms)
✖ I05 / M3 绕过能力拾取到达真实富集节点，必须先领取增幅仪才可清除 (1.97575ms)
✖ I05 / M4 绕过能力拾取到达真实富集节点，必须先领取增幅仪才可清除 (1.417125ms)
✖ I05 / M5 绕过能力拾取到达真实富集节点，必须先领取增幅仪才可清除 (1.217875ms)
ℹ tests 5
ℹ suites 0
ℹ pass 0
ℹ fail 5
ℹ cancelled 0
ℹ skipped 0
ℹ todo 0
ℹ duration_ms 111.187125

✖ failing tests:

test at tests/progression-guards.test.ts:9:3
✖ I05 / M1 绕过能力拾取到达真实富集节点，必须先领取增幅仪才可清除 (3.503292ms)
  AssertionError [ERR_ASSERTION]: Expected values to be strictly equal:
  + actual - expected
  
  + 'accepted'
  - 'unmetCondition'
  
      at TestContext.<anonymous> (file:///private/var/folders/4s/gltp69rs7tzgs6lp0mb4kbtc0000gn/T/cgw-presentation-guard-nxdq7lyc/amplifier-capability-guard/tests/progression-guards.test.ts:25:12)
      at Test.runInAsyncScope (node:async_hooks:227:14)
      at Test.run (node:internal/test_runner/test:1325:25)
      at Test.start (node:internal/test_runner/test:1191:17)
      at startSubtestAfterBootstrap (node:internal/test_runner/harness:385:17) {
    generatedMessage: true,
    code: 'ERR_ASSERTION',
    actual: 'accepted',
    expected: 'unmetCondition',
    operator: 'strictEqual',
    diff: 'simple'
  }

test at tests/progression-guards.test.ts:9:3
✖ I05 / M2 绕过能力拾取到达真实富集节点，必须先领取增幅仪才可清除 (1.244625ms)
  AssertionError [ERR_ASSERTION]: Expected values to be strictly equal:
  + actual - expected
  
  + 'accepted'
  - 'unmetCondition'
  
      at TestContext.<anonymous> (file:///private/var/folders/4s/gltp69rs7tzgs6lp0mb4kbtc0000gn/T/cgw-presentation-guard-nxdq7lyc/amplifier-capability-guard/tests/progression-guards.test.ts:25:12)
      at Test.runInAsyncScope (node:async_hooks:227:14)
      at Test.run (node:internal/test_runner/test:1325:25)
      at Test.processPendingSubtests (node:internal/test_runner/test:911:18)
      at Test.postRun (node:internal/test_runner/test:1465:19)
      at Test.run (node:internal/test_runner/test:1390:12)
      at async startSubtestAfterBootstrap (node:internal/test_runner/harness:385:3) {
    generatedMessage: true,
    code: 'ERR_ASSERTION',
    actual: 'accepted',
    expected: 'unmetCondition',
    operator: 'strictEqual',
    diff: 'simple'
  }

test at tests/progression-guards.test.ts:9:3
✖ I05 / M3 绕过能力拾取到达真实富集节点，必须先领取增幅仪才可清除 (1.97575ms)
  AssertionError [ERR_ASSERTION]: Expected values to be strictly equal:
  + actual - expected
  
  + 'accepted'
  - 'unmetCondition'
  
      at TestContext.<anonymous> (file:///private/var/folders/4s/gltp69rs7tzgs6lp0mb4kbtc0000gn/T/cgw-presentation-guard-nxdq7lyc/amplifier-capability-guard/tests/progression-guards.test.ts:25:12)
      at Test.runInAsyncScope (node:async_hooks:227:14)
      at Test.run (node:internal/test_runner/test:1325:25)
      at Test.processPendingSubtests (node:internal/test_runner/test:911:18)
      at Test.postRun (node:internal/test_runner/test:1465:19)
      at Test.run (node:internal/test_runner/test:1390:12)
      at async Test.processPendingSubtests (node:internal/test_runner/test:911:7) {
    generatedMessage: true,
    code: 'ERR_ASSERTION',
    actual: 'accepted',
    expected: 'unmetCondition',
    operator: 'strictEqual',
    diff: 'simple'
  }

test at tests/progression-guards.test.ts:9:3
✖ I05 / M4 绕过能力拾取到达真实富集节点，必须先领取增幅仪才可清除 (1.417125ms)
  AssertionError [ERR_ASSERTION]: Expected values to be strictly equal:
  + actual - expected
  
  + 'accepted'
  - 'unmetCondition'
  
      at TestContext.<anonymous> (file:///private/var/folders/4s/gltp69rs7tzgs6lp0mb4kbtc0000gn/T/cgw-presentation-guard-nxdq7lyc/amplifier-capability-guard/tests/progression-guards.test.ts:25:12)
      at Test.runInAsyncScope (node:async_hooks:227:14)
      at Test.run (node:internal/test_runner/test:1325:25)
      at Test.processPendingSubtests (node:internal/test_runner/test:911:18)
      at Test.postRun (node:internal/test_runner/test:1465:19)
      at Test.run (node:internal/test_runner/test:1390:12)
      at async Test.processPendingSubtests (node:internal/test_runner/test:911:7) {
    generatedMessage: true,
    code: 'ERR_ASSERTION',
    actual: 'accepted',
    expected: 'unmetCondition',
    operator: 'strictEqual',
    diff: 'simple'
  }

test at tests/progression-guards.test.ts:9:3
✖ I05 / M5 绕过能力拾取到达真实富集节点，必须先领取增幅仪才可清除 (1.217875ms)
  AssertionError [ERR_ASSERTION]: Expected values to be strictly equal:
  + actual - expected
  
  + 'accepted'
  - 'unmetCondition'
  
      at TestContext.<anonymous> (file:///private/var/folders/4s/gltp69rs7tzgs6lp0mb4kbtc0000gn/T/cgw-presentation-guard-nxdq7lyc/amplifier-capability-guard/tests/progression-guards.test.ts:25:12)
      at Test.runInAsyncScope (node:async_hooks:227:14)
      at Test.run (node:internal/test_runner/test:1325:25)
      at Test.processPendingSubtests (node:internal/test_runner/test:911:18)
      at Test.postRun (node:internal/test_runner/test:1465:19)
      at Test.run (node:internal/test_runner/test:1390:12)
      at async Test.processPendingSubtests (node:internal/test_runner/test:911:7) {
    generatedMessage: true,
    code: 'ERR_ASSERTION',
    actual: 'accepted',
    expected: 'unmetCondition',
    operator: 'strictEqual',
    diff: 'simple'
  }
