✔ 音频错过一个调度窗口后跳过过期拍，后续节拍继续且不补播 (16.969542ms)
✔ V04 新一次启用成功后，旧声音请求迟到失败不能关闭声音 (1.224708ms)
✔ V04 新一次启用失败后，旧 resume 迟到成功不能覆盖最新失败 (0.638ms)
✔ 暂停取消已排节拍，恢复倒数期间不播积压声音 (0.644708ms)
✔ 浏览器拒绝声音和本地声音缺失均可再次启用，不静默标为正常 (0.764875ms)
✔ 无效音效180ms限频不作用于成功反馈，未变音量不反复调度 (0.530208ms)
✔ I03 自动续步从物理点击的首步起等待 140ms，最后一格也按同一节奏 (2.247917ms)
✔ I03 迟到帧只续走一格，下一步从实际执行时刻再等 140ms，不补跑 (0.850917ms)
✔ I03 中途及最后一格重新校验全部安全条件，变化时停在前格且不拾取、不入房、不另算绕路 (18.962125ms)
✔ I03 已开且无其他事件的门仍可逐步通过；新点击替换目标并重锚续步 (3.25125ms)
✔ I03 取消是瞬时临时命令，不改变时钟、稳定 revision、永久进度或反馈 (0.780375ms)
✔ I03 暂停或时钟断档丢弃旧路径，恢复后不补走 (1.577458ms)
✔ I03 物理相邻点击仍可探索未访问格并触发对象，自动续步没有改变手动规则 (0.735458ms)
✔ I03 新物理方向即使进入 140ms 等待队列也立即取消旧路径，随后只执行等待方向 (1.992459ms)
✔ I01 八个方向键只派发对应四向一步，画布消费游戏按键而不消费其他输入 (2.203834ms)
✔ I01 长按由适配器在 250ms 首次重复，再以 140ms 节奏派发；浏览器 repeat 不改时序 (2.072125ms)
✔ I01 两方向按住时重复最新方向，释放它后回到前一个仍按住方向 (0.238791ms)
✔ I02 动画期新方向覆盖唯一等待方向，到 140ms 仅提交最新一步 (0.214333ms)
✔ I02 帧调用迟到时至多派发一次，不积攒或追补长按步数 (0.298916ms)
✔ I07 clear 丢弃等待方向并抑制仍按住的键，恢复后必须 keyup 再次按下 (0.278584ms)
✔ I07 连续暂停或模式切换重复 clear 不解除按住抑制，释放后新方向正常操作 (0.16975ms)
✔ I10 菜单、输入框或导入控件拥有焦点时，不消费快捷键、方向或菜单键 (0.202875ms)
✔ I07 / I10 画布失去焦点或 canPlay 关闭期间，按住重复与等待命令均不穿透 (0.192625ms)
✔ I10 画布快捷键派发语义命令，重复事件无效，地图和暂停只调用对应 UI 接口 (0.228167ms)
✔ I01 / T02 防火墙每次物理按下只派发一次，不生成适配器长按或等待移动 (0.143583ms)
✔ dispose 移除监听，后续键盘不会派发或消费按键 (0.082875ms)
✔ 浏览器修饰快捷键不移动、增幅或撤销，保留刷新与常规键盘操作 (0.135208ms)
✔ Tab或鼠标移出画布清除等待方向，重新聚焦不会执行旧输入 (0.130542ms)
ℹ tests 28
ℹ suites 0
ℹ pass 28
ℹ fail 0
ℹ cancelled 0
ℹ skipped 0
ℹ todo 0
ℹ duration_ms 158.512541
