✔ 音频错过一个调度窗口后跳过过期拍，后续节拍继续且不补播 (16.646542ms)
✖ V04 新一次启用成功后，旧声音请求迟到失败不能关闭声音 (1.588833ms)
✖ V04 新一次启用失败后，旧 resume 迟到成功不能覆盖最新失败 (1.255292ms)
✔ 暂停取消已排节拍，恢复倒数期间不播积压声音 (0.811292ms)
✔ 浏览器拒绝声音和本地声音缺失均可再次启用，不静默标为正常 (0.88425ms)
✔ 无效音效180ms限频不作用于成功反馈，未变音量不反复调度 (0.711584ms)
ℹ tests 6
ℹ suites 0
ℹ pass 4
ℹ fail 2
ℹ cancelled 0
ℹ skipped 0
ℹ todo 0
ℹ duration_ms 124.88425

✖ failing tests:

test at tests/audio.test.ts:132:1
✖ V04 新一次启用成功后，旧声音请求迟到失败不能关闭声音 (1.588833ms)
  AssertionError [ERR_ASSERTION]: Expected values to be strictly equal:
  
  false !== true
  
      at TestContext.<anonymous> (file:///Users/caoyujie/codes/camellia-golden-week/tests/audio.test.ts:150:10)
      at async Test.run (node:internal/test_runner/test:1332:7)
      at async Test.processPendingSubtests (node:internal/test_runner/test:911:7) {
    generatedMessage: true,
    code: 'ERR_ASSERTION',
    actual: false,
    expected: true,
    operator: 'strictEqual',
    diff: 'simple'
  }

test at tests/audio.test.ts:155:1
✖ V04 新一次启用失败后，旧 resume 迟到成功不能覆盖最新失败 (1.255292ms)
  AssertionError [ERR_ASSERTION]: Expected values to be strictly equal:
  
  true !== false
  
      at TestContext.<anonymous> (file:///Users/caoyujie/codes/camellia-golden-week/tests/audio.test.ts:165:10)
      at async Test.run (node:internal/test_runner/test:1332:7)
      at async Test.processPendingSubtests (node:internal/test_runner/test:911:7) {
    generatedMessage: true,
    code: 'ERR_ASSERTION',
    actual: true,
    expected: false,
    operator: 'strictEqual',
    diff: 'simple'
  }
