✔ 音频错过一个调度窗口后跳过过期拍，后续节拍继续且不补播 (25.263667ms)
✔ V04 新一次启用成功后，旧声音请求迟到失败不能关闭声音 (2.023375ms)
✔ V04 新一次启用失败后，旧 resume 迟到成功不能覆盖最新失败 (1.382542ms)
✔ V04 disable 使尚未完成的音频启用失效，迟到资源不会重新启用 (1.288042ms)
✔ V04 dispose 使尚未完成的音频启用失效，迟到资源不会重新启用 (0.874666ms)
✔ 暂停取消已排节拍，恢复倒数期间不播积压声音 (1.79475ms)
✔ 浏览器拒绝声音和本地声音缺失均可再次启用，不静默标为正常 (1.052083ms)
✔ 无效音效180ms限频不作用于成功反馈，未变音量不反复调度 (1.127792ms)
✔ I03 自动续步从物理点击的首步起等待 140ms，最后一格也按同一节奏 (2.300584ms)
✔ I03 迟到帧只续走一格，下一步从实际执行时刻再等 140ms，不补跑 (1.725958ms)
✔ I03 中途及最后一格重新校验全部安全条件，变化时停在前格且不拾取、不入房、不另算绕路 (18.23175ms)
✔ I03 已开且无其他事件的门仍可逐步通过；新点击替换目标并重锚续步 (3.469ms)
✔ I03 取消是瞬时临时命令，不改变时钟、稳定 revision、永久进度或反馈 (0.78375ms)
✔ I03 暂停或时钟断档丢弃旧路径，恢复后不补走 (1.634375ms)
✔ I03 物理相邻点击仍可探索未访问格并触发对象，自动续步没有改变手动规则 (0.753166ms)
✔ I03 新物理方向即使进入 140ms 等待队列也立即取消旧路径，随后只执行等待方向 (2.05375ms)
✔ I01 八个方向键只派发对应四向一步，画布消费游戏按键而不消费其他输入 (15.9205ms)
✔ I01 长按由适配器在 250ms 首次重复，再以 140ms 节奏派发；浏览器 repeat 不改时序 (0.425125ms)
✔ I01 两方向按住时重复最新方向，释放它后回到前一个仍按住方向 (0.211166ms)
✔ I02 动画期新方向覆盖唯一等待方向，到 140ms 仅提交最新一步 (0.215334ms)
✔ I02 新物理按键在 139ms 等待、140ms 当场提交，不等待下一渲染帧 (0.201709ms)
✔ I03 自动续步在 139ms 不执行、140ms 执行；不可操作时不消耗到期动作 (0.10925ms)
✔ I02 帧调用迟到时至多派发一次，不积攒或追补长按步数 (0.171375ms)
✔ I07 clear 丢弃等待方向并抑制仍按住的键，恢复后必须 keyup 再次按下 (0.212209ms)
✔ I07 连续暂停或模式切换重复 clear 不解除按住抑制，释放后新方向正常操作 (0.155666ms)
✔ I10 菜单、输入框或导入控件拥有焦点时，不消费快捷键、方向或菜单键 (0.210208ms)
✔ I07 / I10 画布失去焦点或 canPlay 关闭期间，按住重复与等待命令均不穿透 (0.17975ms)
✔ I10 画布快捷键派发语义命令，重复事件无效，地图和暂停只调用对应 UI 接口 (0.176125ms)
✔ I01 / T02 防火墙每次物理按下只派发一次，不生成适配器长按或等待移动 (0.1555ms)
✔ dispose 移除监听，后续键盘不会派发或消费按键 (0.087667ms)
✔ 浏览器修饰快捷键不移动、增幅或撤销，保留刷新与常规键盘操作 (0.1265ms)
✔ Tab或鼠标移出画布清除等待方向，重新聚焦不会执行旧输入 (0.146083ms)
✔ G09 收集列表为完整奖励账本提供中文名称，不能退回稳定 ID 或遗漏奖励 (1.241709ms)
✔ G10 所有分期收集列表的奖励都能取得完整账本中的名称 (6.293916ms)
✔ I05 / M1 绕过能力拾取到达真实富集节点，必须先领取增幅仪才可清除 (5.240042ms)
✔ I05 / M2 绕过能力拾取到达真实富集节点，必须先领取增幅仪才可清除 (1.133875ms)
✔ I05 / M3 绕过能力拾取到达真实富集节点，必须先领取增幅仪才可清除 (2.18175ms)
✔ I05 / M4 绕过能力拾取到达真实富集节点，必须先领取增幅仪才可清除 (1.679792ms)
✔ I05 / M5 绕过能力拾取到达真实富集节点，必须先领取增幅仪才可清除 (2.561208ms)
✔ I04 未发现边界仅显示未知占位，移动显露后投影跟随权威位置且不泄漏其他棋盘 (10.728209ms)
✔ I05 覆盖显露仍显示覆盖，真实增幅后节点变为已使用、被清除格变为道路 (5.280209ms)
✔ G09 物资实际领取前后保留同一实体，图标从可领取切换到已收集 (4.000833ms)
✔ G02 主终端交互完成才切换完成图标，可选挑战完成后对应奖励门才显示开放 (24.905ms)
✔ S01 迷宫危险只在真实观察阶段展示，观察结束后投影不保留答案图标或文字 (0.807375ms)
✔ I04 / D 未揭示的隐藏路线不作为未知边界泄漏，揭示并走近后才展示 (14.31325ms)
ℹ tests 45
ℹ suites 0
ℹ pass 45
ℹ fail 0
ℹ cancelled 0
ℹ skipped 0
ℹ todo 0
ℹ duration_ms 198.701083
