vite v8.3.0 building client environment for production...
transforming...
✓ 28 modules transformed.
rendering chunks...
computing gzip size...
test-results/review-fixes/pipeline/builds/production/assets/icons/hazard-safe.svg            0.29 kB │ gzip:   0.20 kB
test-results/review-fixes/pipeline/builds/production/assets/icons/hazard-active.svg          0.34 kB │ gzip:   0.22 kB
test-results/review-fixes/pipeline/builds/production/assets/icons/target-star.svg            0.34 kB │ gzip:   0.24 kB
test-results/review-fixes/pipeline/builds/production/assets/icons/door-open.svg              0.34 kB │ gzip:   0.23 kB
test-results/review-fixes/pipeline/builds/production/assets/icons/enrichment-used.svg        0.35 kB │ gzip:   0.22 kB
test-results/review-fixes/pipeline/builds/production/assets/icons/lamp-unlit.svg             0.35 kB │ gzip:   0.25 kB
test-results/review-fixes/pipeline/builds/production/assets/icons/unknown.svg                0.35 kB │ gzip:   0.25 kB
test-results/review-fixes/pipeline/builds/production/assets/icons/portal-ready.svg           0.36 kB │ gzip:   0.24 kB
test-results/review-fixes/pipeline/builds/production/assets/icons/checkpoint.svg             0.36 kB │ gzip:   0.23 kB
test-results/review-fixes/pipeline/builds/production/assets/icons/socket.svg                 0.37 kB │ gzip:   0.24 kB
test-results/review-fixes/pipeline/builds/production/assets/icons/supply-collected.svg       0.37 kB │ gzip:   0.23 kB
test-results/review-fixes/pipeline/builds/production/assets/icons/data-collected.svg         0.37 kB │ gzip:   0.22 kB
test-results/review-fixes/pipeline/builds/production/assets/icons/target-blue.svg            0.38 kB │ gzip:   0.25 kB
test-results/review-fixes/pipeline/builds/production/assets/icons/observation.svg            0.38 kB │ gzip:   0.24 kB
test-results/review-fixes/pipeline/builds/production/assets/icons/data-object.svg            0.38 kB │ gzip:   0.26 kB
test-results/review-fixes/pipeline/builds/production/assets/icons/door-closed.svg            0.41 kB │ gzip:   0.25 kB
test-results/review-fixes/pipeline/builds/production/assets/icons/antivirus.svg              0.41 kB │ gzip:   0.27 kB
test-results/review-fixes/pipeline/builds/production/assets/icons/data-ready.svg             0.42 kB │ gzip:   0.24 kB
test-results/review-fixes/pipeline/builds/production/assets/icons/terminal-complete.svg      0.42 kB │ gzip:   0.23 kB
test-results/review-fixes/pipeline/builds/production/assets/icons/firewall.svg               0.44 kB │ gzip:   0.27 kB
test-results/review-fixes/pipeline/builds/production/assets/icons/target-purple.svg          0.44 kB │ gzip:   0.24 kB
test-results/review-fixes/pipeline/builds/production/assets/icons/portal-locked.svg          0.45 kB │ gzip:   0.27 kB
test-results/review-fixes/pipeline/builds/production/assets/icons/enrichment-ready.svg       0.46 kB │ gzip:   0.25 kB
test-results/review-fixes/pipeline/builds/production/assets/icons/signal-ball.svg            0.46 kB │ gzip:   0.27 kB
test-results/review-fixes/pipeline/builds/production/index.html                              0.47 kB │ gzip:   0.33 kB
test-results/review-fixes/pipeline/builds/production/assets/icons/lamp-lit.svg               0.48 kB │ gzip:   0.30 kB
test-results/review-fixes/pipeline/builds/production/assets/icons/terminal-ready.svg         0.49 kB │ gzip:   0.25 kB
test-results/review-fixes/pipeline/builds/production/assets/icons/supply-ready.svg           0.49 kB │ gzip:   0.25 kB
test-results/review-fixes/pipeline/builds/production/assets/icons/station.svg                0.61 kB │ gzip:   0.29 kB
test-results/review-fixes/pipeline/builds/production/assets/icons/ghost.svg                  0.64 kB │ gzip:   0.33 kB
test-results/review-fixes/pipeline/builds/production/assets/icons/player-hurt.svg            0.65 kB │ gzip:   0.34 kB
test-results/review-fixes/pipeline/builds/production/assets/icons/player-idle.svg            0.74 kB │ gzip:   0.35 kB
test-results/review-fixes/pipeline/builds/production/assets/icons/player-move.svg            0.81 kB │ gzip:   0.38 kB
test-results/review-fixes/pipeline/builds/production/assets/icons/cart.svg                   0.90 kB │ gzip:   0.33 kB
test-results/review-fixes/pipeline/builds/production/assets/icons/data-ready.png             1.96 kB
test-results/review-fixes/pipeline/builds/production/assets/icons/supply-ready.png           2.00 kB
test-results/review-fixes/pipeline/builds/production/assets/icons/target-blue.png            2.20 kB
test-results/review-fixes/pipeline/builds/production/assets/icons/door-closed.png            2.20 kB
test-results/review-fixes/pipeline/builds/production/assets/icons/checkpoint.png             2.30 kB
test-results/review-fixes/pipeline/builds/production/assets/icons/data-collected.png         2.59 kB
test-results/review-fixes/pipeline/builds/production/assets/icons/door-open.png              3.07 kB
test-results/review-fixes/pipeline/builds/production/assets/icons/terminal-complete.png      3.09 kB
test-results/review-fixes/pipeline/builds/production/assets/icons/unknown.png                3.16 kB
test-results/review-fixes/pipeline/builds/production/assets/icons/firewall.png               3.18 kB
test-results/review-fixes/pipeline/builds/production/assets/icons/supply-collected.png       3.29 kB
test-results/review-fixes/pipeline/builds/production/assets/icons/terminal-ready.png         3.33 kB
test-results/review-fixes/pipeline/builds/production/assets/icons/hazard-safe.png            3.34 kB
test-results/review-fixes/pipeline/builds/production/assets/icons/data-object.png            3.43 kB
test-results/review-fixes/pipeline/builds/production/assets/icons/socket.png                 3.61 kB
test-results/review-fixes/pipeline/builds/production/assets/audio/beat.wav                   4.01 kB
test-results/review-fixes/pipeline/builds/production/assets/fonts/noto-OFL.txt               4.30 kB │ gzip:   1.93 kB
test-results/review-fixes/pipeline/builds/production/assets/fonts/barlow-OFL.txt             4.37 kB │ gzip:   1.97 kB
test-results/review-fixes/pipeline/builds/production/assets/icons/antivirus.png              5.74 kB
test-results/review-fixes/pipeline/builds/production/assets/icons/observation.png            5.85 kB
test-results/review-fixes/pipeline/builds/production/assets/icons/enrichment-used.png        5.87 kB
test-results/review-fixes/pipeline/builds/production/assets/icons/lamp-lit.png               6.11 kB
test-results/review-fixes/pipeline/builds/production/assets/icons/target-star.png            6.12 kB
test-results/review-fixes/pipeline/builds/production/assets/icons/portal-ready.png           6.20 kB
test-results/review-fixes/pipeline/builds/production/assets/audio/move.wav                   6.21 kB
test-results/review-fixes/pipeline/builds/production/assets/icons/ghost.png                  6.31 kB
test-results/review-fixes/pipeline/builds/production/assets/icons/hazard-active.png          6.36 kB
test-results/review-fixes/pipeline/builds/production/assets/icons/lamp-unlit.png             6.91 kB
test-results/review-fixes/pipeline/builds/production/assets/icons/portal-locked.png          7.35 kB
test-results/review-fixes/pipeline/builds/production/assets/icons/target-purple.png          7.60 kB
test-results/review-fixes/pipeline/builds/production/assets/icons/cart.png                   8.09 kB
test-results/review-fixes/pipeline/builds/production/assets/icons/player-hurt.png            8.58 kB
test-results/review-fixes/pipeline/builds/production/assets/audio/invalid.wav                8.86 kB
test-results/review-fixes/pipeline/builds/production/assets/icons/player-idle.png            9.15 kB
test-results/review-fixes/pipeline/builds/production/assets/icons/player-move.png            9.21 kB
test-results/review-fixes/pipeline/builds/production/assets/icons/signal-ball.png            9.86 kB
test-results/review-fixes/pipeline/builds/production/assets/icons/station.png               10.90 kB
test-results/review-fixes/pipeline/builds/production/assets/icons/enrichment-ready.png      11.22 kB
test-results/review-fixes/pipeline/builds/production/assets/audio/reveal.wav                15.92 kB
test-results/review-fixes/pipeline/builds/production/assets/audio/door.wav                  16.80 kB
test-results/review-fixes/pipeline/builds/production/assets/audio/pickup.wav                21.21 kB
test-results/review-fixes/pipeline/builds/production/assets/audio/failure.wav               28.26 kB
test-results/review-fixes/pipeline/builds/production/assets/audio/portal.wav                30.03 kB
test-results/review-fixes/pipeline/builds/production/assets/audio/amplify.wav               31.79 kB
test-results/review-fixes/pipeline/builds/production/assets/fonts/camellia-numerals.woff2   39.38 kB
test-results/review-fixes/pipeline/builds/production/assets/audio/success.wav               45.90 kB
test-results/review-fixes/pipeline/builds/production/assets/manifest.json                  113.37 kB │ gzip:  17.51 kB
test-results/review-fixes/pipeline/builds/production/assets/fonts/camellia-ui.woff2        182.59 kB
test-results/review-fixes/pipeline/builds/production/assets/index-XdWH7aHE.css               7.94 kB │ gzip:   2.60 kB
test-results/review-fixes/pipeline/builds/production/assets/index-C_2ptjYV.js              918.50 kB │ gzip: 217.18 kB

✓ built in 231ms
[plugin builtin:vite-reporter] 
(!) Some chunks are larger than 650 kB after minification. Consider:
- Using dynamic import() to code-split the application
- Use build.rolldownOptions.output.codeSplitting to improve chunking: https://rolldown.rs/reference/OutputOptions.codeSplitting
- Adjust chunk size limit for this warning via build.chunkSizeWarningLimit.
vite v8.3.0 building client environment for acceptance...
transforming...
✓ 30 modules transformed.
rendering chunks...
computing gzip size...
test-results/review-fixes/pipeline/builds/acceptance/assets/icons/hazard-safe.svg              0.29 kB │ gzip:   0.20 kB
test-results/review-fixes/pipeline/builds/acceptance/assets/icons/hazard-active.svg            0.34 kB │ gzip:   0.22 kB
test-results/review-fixes/pipeline/builds/acceptance/assets/icons/target-star.svg              0.34 kB │ gzip:   0.24 kB
test-results/review-fixes/pipeline/builds/acceptance/assets/icons/door-open.svg                0.34 kB │ gzip:   0.23 kB
test-results/review-fixes/pipeline/builds/acceptance/assets/icons/enrichment-used.svg          0.35 kB │ gzip:   0.22 kB
test-results/review-fixes/pipeline/builds/acceptance/assets/icons/lamp-unlit.svg               0.35 kB │ gzip:   0.25 kB
test-results/review-fixes/pipeline/builds/acceptance/assets/icons/unknown.svg                  0.35 kB │ gzip:   0.25 kB
test-results/review-fixes/pipeline/builds/acceptance/assets/icons/portal-ready.svg             0.36 kB │ gzip:   0.24 kB
test-results/review-fixes/pipeline/builds/acceptance/assets/icons/checkpoint.svg               0.36 kB │ gzip:   0.23 kB
test-results/review-fixes/pipeline/builds/acceptance/assets/icons/socket.svg                   0.37 kB │ gzip:   0.24 kB
test-results/review-fixes/pipeline/builds/acceptance/assets/icons/supply-collected.svg         0.37 kB │ gzip:   0.23 kB
test-results/review-fixes/pipeline/builds/acceptance/assets/icons/data-collected.svg           0.37 kB │ gzip:   0.22 kB
test-results/review-fixes/pipeline/builds/acceptance/assets/icons/target-blue.svg              0.38 kB │ gzip:   0.25 kB
test-results/review-fixes/pipeline/builds/acceptance/assets/icons/observation.svg              0.38 kB │ gzip:   0.24 kB
test-results/review-fixes/pipeline/builds/acceptance/assets/icons/data-object.svg              0.38 kB │ gzip:   0.26 kB
test-results/review-fixes/pipeline/builds/acceptance/assets/icons/door-closed.svg              0.41 kB │ gzip:   0.25 kB
test-results/review-fixes/pipeline/builds/acceptance/assets/icons/antivirus.svg                0.41 kB │ gzip:   0.27 kB
test-results/review-fixes/pipeline/builds/acceptance/assets/icons/data-ready.svg               0.42 kB │ gzip:   0.24 kB
test-results/review-fixes/pipeline/builds/acceptance/assets/icons/terminal-complete.svg        0.42 kB │ gzip:   0.23 kB
test-results/review-fixes/pipeline/builds/acceptance/assets/icons/firewall.svg                 0.44 kB │ gzip:   0.27 kB
test-results/review-fixes/pipeline/builds/acceptance/assets/icons/target-purple.svg            0.44 kB │ gzip:   0.24 kB
test-results/review-fixes/pipeline/builds/acceptance/assets/icons/portal-locked.svg            0.45 kB │ gzip:   0.27 kB
test-results/review-fixes/pipeline/builds/acceptance/assets/icons/enrichment-ready.svg         0.46 kB │ gzip:   0.25 kB
test-results/review-fixes/pipeline/builds/acceptance/assets/icons/signal-ball.svg              0.46 kB │ gzip:   0.27 kB
test-results/review-fixes/pipeline/builds/acceptance/assets/icons/lamp-lit.svg                 0.48 kB │ gzip:   0.30 kB
test-results/review-fixes/pipeline/builds/acceptance/assets/icons/terminal-ready.svg           0.49 kB │ gzip:   0.25 kB
test-results/review-fixes/pipeline/builds/acceptance/assets/icons/supply-ready.svg             0.49 kB │ gzip:   0.25 kB
test-results/review-fixes/pipeline/builds/acceptance/assets/icons/station.svg                  0.61 kB │ gzip:   0.29 kB
test-results/review-fixes/pipeline/builds/acceptance/index.html                                0.64 kB │ gzip:   0.38 kB
test-results/review-fixes/pipeline/builds/acceptance/assets/icons/ghost.svg                    0.64 kB │ gzip:   0.33 kB
test-results/review-fixes/pipeline/builds/acceptance/assets/icons/player-hurt.svg              0.65 kB │ gzip:   0.34 kB
test-results/review-fixes/pipeline/builds/acceptance/assets/icons/player-idle.svg              0.74 kB │ gzip:   0.35 kB
test-results/review-fixes/pipeline/builds/acceptance/assets/icons/player-move.svg              0.81 kB │ gzip:   0.38 kB
test-results/review-fixes/pipeline/builds/acceptance/assets/icons/cart.svg                     0.90 kB │ gzip:   0.33 kB
test-results/review-fixes/pipeline/builds/acceptance/assets/icons/data-ready.png               1.96 kB
test-results/review-fixes/pipeline/builds/acceptance/assets/icons/supply-ready.png             2.00 kB
test-results/review-fixes/pipeline/builds/acceptance/assets/icons/target-blue.png              2.20 kB
test-results/review-fixes/pipeline/builds/acceptance/assets/icons/door-closed.png              2.20 kB
test-results/review-fixes/pipeline/builds/acceptance/assets/icons/checkpoint.png               2.30 kB
test-results/review-fixes/pipeline/builds/acceptance/assets/icons/data-collected.png           2.59 kB
test-results/review-fixes/pipeline/builds/acceptance/assets/icons/door-open.png                3.07 kB
test-results/review-fixes/pipeline/builds/acceptance/assets/icons/terminal-complete.png        3.09 kB
test-results/review-fixes/pipeline/builds/acceptance/assets/icons/unknown.png                  3.16 kB
test-results/review-fixes/pipeline/builds/acceptance/assets/icons/firewall.png                 3.18 kB
test-results/review-fixes/pipeline/builds/acceptance/assets/icons/supply-collected.png         3.29 kB
test-results/review-fixes/pipeline/builds/acceptance/assets/icons/terminal-ready.png           3.33 kB
test-results/review-fixes/pipeline/builds/acceptance/assets/icons/hazard-safe.png              3.34 kB
test-results/review-fixes/pipeline/builds/acceptance/assets/icons/data-object.png              3.43 kB
test-results/review-fixes/pipeline/builds/acceptance/assets/icons/socket.png                   3.61 kB
test-results/review-fixes/pipeline/builds/acceptance/assets/audio/beat.wav                     4.01 kB
test-results/review-fixes/pipeline/builds/acceptance/assets/fonts/noto-OFL.txt                 4.30 kB │ gzip:   1.93 kB
test-results/review-fixes/pipeline/builds/acceptance/assets/fonts/barlow-OFL.txt               4.37 kB │ gzip:   1.97 kB
test-results/review-fixes/pipeline/builds/acceptance/assets/icons/antivirus.png                5.74 kB
test-results/review-fixes/pipeline/builds/acceptance/assets/icons/observation.png              5.85 kB
test-results/review-fixes/pipeline/builds/acceptance/assets/icons/enrichment-used.png          5.87 kB
test-results/review-fixes/pipeline/builds/acceptance/assets/icons/lamp-lit.png                 6.11 kB
test-results/review-fixes/pipeline/builds/acceptance/assets/icons/target-star.png              6.12 kB
test-results/review-fixes/pipeline/builds/acceptance/assets/icons/portal-ready.png             6.20 kB
test-results/review-fixes/pipeline/builds/acceptance/assets/audio/move.wav                     6.21 kB
test-results/review-fixes/pipeline/builds/acceptance/assets/icons/ghost.png                    6.31 kB
test-results/review-fixes/pipeline/builds/acceptance/assets/icons/hazard-active.png            6.36 kB
test-results/review-fixes/pipeline/builds/acceptance/assets/icons/lamp-unlit.png               6.91 kB
test-results/review-fixes/pipeline/builds/acceptance/assets/icons/portal-locked.png            7.35 kB
test-results/review-fixes/pipeline/builds/acceptance/assets/icons/target-purple.png            7.60 kB
test-results/review-fixes/pipeline/builds/acceptance/assets/icons/cart.png                     8.09 kB
test-results/review-fixes/pipeline/builds/acceptance/assets/icons/player-hurt.png              8.58 kB
test-results/review-fixes/pipeline/builds/acceptance/assets/audio/invalid.wav                  8.86 kB
test-results/review-fixes/pipeline/builds/acceptance/assets/icons/player-idle.png              9.15 kB
test-results/review-fixes/pipeline/builds/acceptance/assets/icons/player-move.png              9.21 kB
test-results/review-fixes/pipeline/builds/acceptance/assets/icons/signal-ball.png              9.86 kB
test-results/review-fixes/pipeline/builds/acceptance/assets/icons/station.png                 10.90 kB
test-results/review-fixes/pipeline/builds/acceptance/assets/icons/enrichment-ready.png        11.22 kB
test-results/review-fixes/pipeline/builds/acceptance/assets/audio/reveal.wav                  15.92 kB
test-results/review-fixes/pipeline/builds/acceptance/assets/audio/door.wav                    16.80 kB
test-results/review-fixes/pipeline/builds/acceptance/assets/audio/pickup.wav                  21.21 kB
test-results/review-fixes/pipeline/builds/acceptance/assets/audio/failure.wav                 28.26 kB
test-results/review-fixes/pipeline/builds/acceptance/assets/audio/portal.wav                  30.03 kB
test-results/review-fixes/pipeline/builds/acceptance/assets/audio/amplify.wav                 31.79 kB
test-results/review-fixes/pipeline/builds/acceptance/assets/fonts/camellia-numerals.woff2     39.38 kB
test-results/review-fixes/pipeline/builds/acceptance/assets/audio/success.wav                 45.90 kB
test-results/review-fixes/pipeline/builds/acceptance/assets/manifest.json                    113.37 kB │ gzip:  17.51 kB
test-results/review-fixes/pipeline/builds/acceptance/assets/fonts/camellia-ui.woff2          182.59 kB
test-results/review-fixes/pipeline/builds/acceptance/assets/index-XdWH7aHE.css                 7.94 kB │ gzip:   2.60 kB
test-results/review-fixes/pipeline/builds/acceptance/assets/session-lock-CNG7AKhU.js           1.24 kB │ gzip:   0.64 kB
test-results/review-fixes/pipeline/builds/acceptance/assets/session-diagnostics-DCQXVVyH.js    3.37 kB │ gzip:   1.44 kB
test-results/review-fixes/pipeline/builds/acceptance/assets/acceptance-faults-CpJL4RQu.js      9.04 kB │ gzip:   4.04 kB
test-results/review-fixes/pipeline/builds/acceptance/assets/save-store-BaO9QwYf.js            11.27 kB │ gzip:   4.81 kB
test-results/review-fixes/pipeline/builds/acceptance/assets/index-C3Z-1MaB.js                912.41 kB │ gzip: 214.68 kB

✓ built in 194ms
[plugin builtin:vite-reporter] 
(!) Some chunks are larger than 650 kB after minification. Consider:
- Using dynamic import() to code-split the application
- Use build.rolldownOptions.output.codeSplitting to improve chunking: https://rolldown.rs/reference/OutputOptions.codeSplitting
- Adjust chunk size limit for this warning via build.chunkSizeWarningLimit.
Chrome regression passed: revision-import
Chrome regression passed: quality-import
Chrome regression passed: nested-corrupt-slots
Chrome regression passed: audio-late-failure
Chrome regression passed: main-auto-walk
AssertionError [ERR_ASSERTION]: 失败前按住的方向不能在重试观察结束后继续移动
+ actual - expected

+ 'a.maze.01.t.0.1'
- 'a.maze.01.t.0.4'
                 ^

    at file:///private/var/folders/4s/gltp69rs7tzgs6lp0mb4kbtc0000gn/T/camellia-main-ablations-9xNf9S/clear-held-input/scripts/browser/review-regressions.ts:308:14
    at async scenario (file:///private/var/folders/4s/gltp69rs7tzgs6lp0mb4kbtc0000gn/T/camellia-main-ablations-9xNf9S/clear-held-input/scripts/browser/review-regressions.ts:106:22)
    at async verifyReviewRegressions (file:///private/var/folders/4s/gltp69rs7tzgs6lp0mb4kbtc0000gn/T/camellia-main-ablations-9xNf9S/clear-held-input/scripts/browser/review-regressions.ts:281:3)
    at async file:///private/var/folders/4s/gltp69rs7tzgs6lp0mb4kbtc0000gn/T/camellia-main-ablations-9xNf9S/clear-held-input/scripts/verify-browser.ts:72:31 {
  generatedMessage: false,
  code: 'ERR_ASSERTION',
  actual: 'a.maze.01.t.0.1',
  expected: 'a.maze.01.t.0.4',
  operator: 'strictEqual',
  diff: 'simple'
}
