
> camellia-golden-week@0.5.0 build
> npm run lint && npm run format:check && npm run typecheck && npm run validate:content && vite build


> camellia-golden-week@0.5.0 lint
> oxlint --deny-warnings


> camellia-golden-week@0.5.0 format:check
> oxfmt --check

Checking formatting...

All matched files use the correct format.
Finished in 964ms on 102 files using 10 threads.

> camellia-golden-week@0.5.0 typecheck
> tsc --noEmit


> camellia-golden-week@0.5.0 validate:content
> node scripts/generate-assets.ts --check && node scripts/validate-content.ts

node:internal/modules/run_main:107
    triggerUncaughtException(
    ^

AssertionError [ERR_ASSERTION]: 中文字体缺字：副 U+526F、它 U+5B83；请显式执行 generate-assets.ts --subset-font，构建不会改写字体

2 !== 0

    at fontCoverageCheck (file:///Users/caoyujie/codes/camellia-golden-week/scripts/generate-assets.ts:425:10)
    at file:///Users/caoyujie/codes/camellia-golden-week/scripts/generate-assets.ts:638:7
    at ModuleJob.run (node:internal/modules/esm/module_job:439:25)
    at async node:internal/modules/esm/loader:643:26
    at async asyncRunEntryPointWithESMLoader (node:internal/modules/run_main:101:5) {
  generatedMessage: false,
  code: 'ERR_ASSERTION',
  actual: 2,
  expected: 0,
  operator: 'strictEqual',
  diff: 'simple'
}

Node.js v24.18.0
