✔ 构建共享内容模块保留M1–M5全部历史结构；实际执行视图可完整通关 (237.091834ms)
✔ 单独M1包只有该阶段内容，中文和引号可安全往返 (12.756791ms)
✔ P07 真实 M1 全收集迁入真实 M2 内容，26 单位与旧终点历史保留，分母更新为 51 (5.051125ms)
✔ P07 真实 M1 来源经逐期与直升合成 M3/M4 目标一致，不替代完整内容迁移验收 (25.531042ms)
✔ P07 真实迷宫预览和活动布局迁入合成 M4 目标保持，恢复清空撤销且仍能重置 (16.048208ms)
✔ P07 双槽真实 M1 进度先备份原文再持久升级，重复载入与普通保存不覆盖迁移备份 (18.079125ms)
✔ P09 真实 M1→M2 的迁移备份额度不足时停止，两个原槽逐字可导出 (6.449084ms)
✔ P08 合成规则 v2 的较低上限不误拒真实 v1 成绩；旧奖励保留，新成绩独立结算 (4.408167ms)
✔ P08 未登记规则路径或未提供原始内容定义时拒绝，不从载荷版本猜修复 (0.139542ms)
✔ P08 世界坐标只按显式旧格→新格映射，玩家、发现和已访问集合一起迁移 (8.408292ms)
✔ P08 静态坐标映射覆盖玩家、棋盘、返回锚点与重置基线，恢复后可正常移动和重置 (6.012458ms)
✔ P08 合成静态初态的路径访问集合与物体占格、基线布局全部经同一坐标映射 (14.998334ms)
✔ P08 仅已登记的无法映射房间可退回安全入口并说明；原本坏档不能借退出映射洗白 (4.703625ms)
✔ P08 目标和奖励重命名必须显式一对一映射，保持物资与既有门禁结果 (5.869833ms)
✔ P08 改变奖励数额、合并奖励或改变既有门禁的映射均停止迁移 (3.807833ms)
✔ 迁移拒绝伪装为 additive 的坐标或规则改动、降级路径及多条歧义路径 (2.31825ms)
✔ P07 合成 M4→M5 只更新发布 profile，内容与规则版本、游戏进度均保持 (11.512208ms)
✔ P08 坐标步骤不能暗改实时规则，规则步骤不能暗改局部棋盘坐标 (2.083667ms)
✔ P07 历史 M1 schema1 只回填记忆迷宫确定的空布局，重复迁移不再变更 (0.536709ms)
✔ P07 真实浏览器 M2 schema1 全收集文件升级 schema2，51物资与全部成绩原样保留 (1.557167ms)
✔ P07 真实 schema1 M2 文件持久升级前保存两槽原文，恢复当前 schema 后不重复补布局 (2.45475ms)
✔ P08 永久完成的一笔画集合与回访玩家坐标同步映射，不重算或替换提交结果 (9.390167ms)
✔ P07 实际 m3-browser-main-save.json 迁入完整 M4 / 同 content4 的 M5，原成绩和完成布局逐项保持 (39.331625ms)
✔ P07 实际 m3-browser-save.json 迁入完整 M4 / 同 content4 的 M5，原成绩和完成布局逐项保持 (35.474709ms)
✔ P07 真实 M1 全收集按实际 M1→M2→M3→M4 与直接 M1→M4 迁移一致 (27.463875ms)
✔ G04/P07 实际 C 主线档升级 M4 后只用移动和 F 即进入 D，三盗取仍未完成 (4.204917ms)
✔ P01/P07 真实 C 完成态访问在 M4→M5 保留九个首次布局，载入后仍可正常离开 (8.369708ms)
✔ P07 实际 M3 双槽升级 M4 / M5 前保留 content3 原文，代数增加且九完成布局不变 (71.404041ms)
✔ P05 实际 M3 旧槽旁的较新 schema / content / rule / profile 均受保护，不能静默退回旧档 (57.377958ms)
✔ P06 实际 M4 显露集合须与观察和增幅事件双向闭合，多组/漏组坏导入保持原世界 (6.045084ms)
✔ P06/P07 显露组闭合校验仍接受真实 M1–M3 浏览器导出及其实际完整内容升级 (28.171291ms)
✔ P06/P07 真实 M4 全收集浏览器导出含三组合法揭示，升同 content4 M5 保留130与九完成布局 (5.844917ms)
✔ P01/P07 Chrome 新档正常游玩 M4 无评分仓库通关导出升级同 content4 M5，恢复完整载荷且原字节不变 (7.070917ms)
✔ P01/P07 Chrome 新档正常游玩 M4 完整收集导出升级同 content4 M5，恢复完整载荷且原字节不变 (6.709584ms)
✔ G09/P07 M4 已完成仓库的真实全收集档在 M5 首次访问挑战不重复结算事件 (5.719875ms)
✔ M4 正式内容闭合：四区400数据、26奖励130物资、回访和仓库已加载 (14.005333ms)
✔ G08：新档从未进入防火墙或杀毒，完成20项数据仍能开库与结算100/130 (0.4495ms)
✔ G09：新档全收集恰好26个唯一奖励和130单位，不以计分或重复拾取增加物资 (0.143375ms)
✔ G05：D 四权限实际路线 01→02→03→04 无相互门禁且第4项即时开放回访 (5.629625ms)
✔ G05：D 四权限实际路线 01→02→04→03 无相互门禁且第4项即时开放回访 (5.148458ms)
✔ G05：D 四权限实际路线 01→03→02→04 无相互门禁且第4项即时开放回访 (4.916125ms)
✔ G05：D 四权限实际路线 01→03→04→02 无相互门禁且第4项即时开放回访 (5.280792ms)
✔ G05：D 四权限实际路线 01→04→02→03 无相互门禁且第4项即时开放回访 (4.669708ms)
✔ G05：D 四权限实际路线 01→04→03→02 无相互门禁且第4项即时开放回访 (5.1475ms)
✔ G05：D 四权限实际路线 02→01→03→04 无相互门禁且第4项即时开放回访 (4.771459ms)
✔ G05：D 四权限实际路线 02→01→04→03 无相互门禁且第4项即时开放回访 (5.004375ms)
✔ G05：D 四权限实际路线 02→03→01→04 无相互门禁且第4项即时开放回访 (4.801167ms)
✔ G05：D 四权限实际路线 02→03→04→01 无相互门禁且第4项即时开放回访 (4.478625ms)
✔ G05：D 四权限实际路线 02→04→01→03 无相互门禁且第4项即时开放回访 (4.3605ms)
✔ G05：D 四权限实际路线 02→04→03→01 无相互门禁且第4项即时开放回访 (4.738ms)
✔ G05：D 四权限实际路线 03→01→02→04 无相互门禁且第4项即时开放回访 (4.604875ms)
✔ G05：D 四权限实际路线 03→01→04→02 无相互门禁且第4项即时开放回访 (4.836417ms)
✔ G05：D 四权限实际路线 03→02→01→04 无相互门禁且第4项即时开放回访 (4.641167ms)
✔ G05：D 四权限实际路线 03→02→04→01 无相互门禁且第4项即时开放回访 (4.792958ms)
✔ G05：D 四权限实际路线 03→04→01→02 无相互门禁且第4项即时开放回访 (4.908209ms)
✔ G05：D 四权限实际路线 03→04→02→01 无相互门禁且第4项即时开放回访 (4.531ms)
✔ G05：D 四权限实际路线 04→01→02→03 无相互门禁且第4项即时开放回访 (4.48325ms)
✔ G05：D 四权限实际路线 04→01→03→02 无相互门禁且第4项即时开放回访 (4.637541ms)
✔ G05：D 四权限实际路线 04→02→01→03 无相互门禁且第4项即时开放回访 (5.029458ms)
✔ G05：D 四权限实际路线 04→02→03→01 无相互门禁且第4项即时开放回访 (4.93975ms)
✔ G05：D 四权限实际路线 04→03→01→02 无相互门禁且第4项即时开放回访 (4.641042ms)
✔ G05：D 四权限实际路线 04→03→02→01 无相互门禁且第4项即时开放回访 (5.450166ms)
✔ G06：A/B 回访实际顺序 a→b 只需四权限，旧数据20也可进入 (3.81625ms)
✔ G06：A/B 回访实际顺序 b→a 只需四权限，旧数据20也可进入 (3.859166ms)
✔ G05/G06/I05：D 四权限之前 A/B 回访实体门不能进入，原区主路径保持可达 (0.195084ms)
✔ I06：19个隐藏格初态不投影、点击或邻接发现，三个揭示组分别由指定节点开放 (1.821292ms)
✔ G05/I06：D 隐藏数据可先于全部权限取得，仅隐藏终端 F 给20数据 (0.958833ms)
✔ G09：两幽灵段即可领取专属物资，不要求任何权限 F 或四权限聚合 (1.946583ms)
✔ G07：合成门禁边界仅移除 a.data.main 时仓库仍拒绝进入 (0.177125ms)
✔ G07：合成门禁边界仅移除 a.data.maze02 时仓库仍拒绝进入 (0.115709ms)
✔ G07：合成门禁边界仅移除 a.data.maze03 时仓库仍拒绝进入 (0.106416ms)
✔ G07：合成门禁边界仅移除 a.data.side 时仓库仍拒绝进入 (0.108041ms)
✔ G07：合成门禁边界仅移除 a.data.revisit 时仓库仍拒绝进入 (0.108417ms)
✔ G07：合成门禁边界仅移除 b.data.main 时仓库仍拒绝进入 (0.104792ms)
✔ G07：合成门禁边界仅移除 b.data.line02 时仓库仍拒绝进入 (0.114417ms)
✔ G07：合成门禁边界仅移除 b.data.north 时仓库仍拒绝进入 (0.118834ms)
✔ G07：合成门禁边界仅移除 b.data.south 时仓库仍拒绝进入 (0.147584ms)
✔ G07：合成门禁边界仅移除 b.data.revisit 时仓库仍拒绝进入 (0.124666ms)
✔ G07：合成门禁边界仅移除 c.data.main 时仓库仍拒绝进入 (0.132541ms)
✔ G07：合成门禁边界仅移除 c.data.theft01 时仓库仍拒绝进入 (0.108709ms)
✔ G07：合成门禁边界仅移除 c.data.theft02 时仓库仍拒绝进入 (0.104542ms)
✔ G07：合成门禁边界仅移除 c.data.theft03 时仓库仍拒绝进入 (0.104ms)
✔ G07：合成门禁边界仅移除 c.data.side 时仓库仍拒绝进入 (0.1065ms)
✔ G07：合成门禁边界仅移除 d.data.permission01 时仓库仍拒绝进入 (0.108459ms)
✔ G07：合成门禁边界仅移除 d.data.permission02 时仓库仍拒绝进入 (0.106916ms)
✔ G07：合成门禁边界仅移除 d.data.permission03 时仓库仍拒绝进入 (0.116209ms)
✔ G07：合成门禁边界仅移除 d.data.permission04 时仓库仍拒绝进入 (0.108458ms)
✔ G07：合成门禁边界仅移除 d.data.hidden 时仓库仍拒绝进入 (0.117333ms)
✔ G07：真实流程的最后一项D隐藏数据同事务开库，不等待130物资 (0.145917ms)
✔ G08/G09：最终F同事务完成目标/九单位/结算历史，重复F与自由回访不再发奖 (1.879917ms)
✔ G09：整条公开全收集路线的目标、奖励和已开门单调，首次开库前没有结束标记 (93.046ms)
✔ T09/P02：实际 d.ghost.01 碰撞不发权限/物资，保存回安全终端，重试含亮灯可成功 (2.711333ms)
✔ T09/P02：实际 d.ghost.02 碰撞不发权限/物资，保存回安全终端，重试含亮灯可成功 (1.27675ms)
✔ G09/S09：通关后幽灵进入独立练习，普通安全路线与永久结算保持 (82.425125ms)
✔ P07：真实M3稳定载荷升级并继续 m4.continuation.main-path-without-scored-challenges (39.481208ms)
✔ P07：真实M3稳定载荷升级并继续 m4.continuation.full-collection-and-return (90.923958ms)
✔ P07：实际浏览器导出的M3全收集81载荷，保留M1/M2/M3历史后用同一公开路线到130 (27.320625ms)
✔ I09/G09：仓库与中心实体入口连续30次往返无自动回跳，最终物资仍130 (16.004084ms)
ℹ tests 98
ℹ suites 0
ℹ pass 98
ℹ fail 0
ℹ cancelled 0
ℹ skipped 0
ℹ todo 0
ℹ duration_ms 914.250875
