✔ 构建共享内容模块保留M1–M5全部历史结构；实际执行视图可完整通关 (234.146125ms)
✔ 单独M1包只有该阶段内容，中文和引号可安全往返 (7.108625ms)
✔ 装配前拒绝不存在的实体格，即使其所属区域尚未收录 (5.641666ms)
✔ 回访合并前检查 A 首访 tileIds，不能用派生集合掩盖孤儿格 (2.350958ms)
✔ 装配前拒绝错误的区域 entityIds，不静默重建 (2.599375ms)
✔ 装配前拒绝错误的区域 roomIds，不静默重建 (1.368375ms)
✔ 装配前拒绝跨区实体归属 (1.961667ms)
✔ 装配前拒绝基础地图与回访扩展之间的重复 ID (0.8665ms)
✔ 装配前拒绝未找到父区域的回访扩展 (0.678333ms)
✔ 装配前拒绝重复区域扩展，不能只读取第一份 (1.088625ms)
✔ 原始 profile 的房间清单不能被实际房间覆盖后假称闭合 (0.630208ms)
✔ 装配前拒绝越过 M5 的收录阶段，不能把非法内容裁掉 (1.223875ms)
✔ 装配前拒绝未使用的效应和未注册的挑战，不能由引用过滤掩盖 (6.096167ms)
✔ 合法的未来地图和回访仍按 M1–M5 裁剪，装配只读 (46.934416ms)
✔ 目录账本保留 26 个唯一奖励、130 单位和五个 profile 的准确分母 (8.8165ms)
✔ M1 已加载结构、所有实体 / 房间 / 来源 / 效应引用闭合 (10.532167ms)
✔ 未实际收录的未来世界不能只凭完整目录声明为通过 (0.121625ms)
✔ 目录拒绝奖励改名、重复生产者、错误数量和重复数据事件 (4.355667ms)
✔ 目录拒绝目标环、主路径读取可选挑战和错误回访依赖 (2.735042ms)
✔ schema 拒绝未知 kind、脚本条件和数组伪装布尔 / 枚举 (14.248542ms)
✔ 地图拒绝重复 ID / 坐标、非有限坐标、孤立的主终端 (12.185959ms)
✔ 引用校验拒绝未知门 / 物资格、失配生产者和效应包 (19.81275ms)
✔ 安全恢复拒绝房间出口覆盖、传送入自动房间及反向自跳 (14.880291ms)
✔ 主路径和未收录展示不能携带全数据门、未来坐标或执行效应 (9.853334ms)
✔ 固定世界见证只允许公开命令，不接受进度或坐标注入 (1.26025ms)
✔ 世界见证清单要求每个已发布 profile 的主路径和全收集，可另加合法路线 (35.033709ms)
✔ 见证清单拒绝重复 ID、错误版本和 profile (10.645959ms)
✔ 见证范围不能弱化本版终点、全奖励、数据或无计分挑战通关断言 (18.999875ms)
✔ 真实内容校验入口拒绝 M5 见证被清空，M1–M4 通过不能代替 M5 (689.228542ms)
ℹ tests 29
ℹ suites 0
ℹ pass 29
ℹ fail 0
ℹ cancelled 0
ℹ skipped 0
ℹ todo 0
ℹ duration_ms 890.316792
