✔ 装配前拒绝不存在的实体格，即使其所属区域尚未收录 (3.726292ms)
✔ 回访合并前检查 A 首访 tileIds，不能用派生集合掩盖孤儿格 (1.24925ms)
✔ 装配前拒绝错误的区域 entityIds，不静默重建 (1.484208ms)
✔ 装配前拒绝错误的区域 roomIds，不静默重建 (0.898375ms)
✔ 装配前拒绝跨区实体归属 (1.137625ms)
✔ 装配前拒绝基础地图与回访扩展之间的重复 ID (1.020791ms)
✔ 装配前拒绝未找到父区域的回访扩展 (0.862292ms)
✔ 装配前拒绝重复区域扩展，不能只读取第一份 (1.18475ms)
✔ 原始 profile 的房间清单不能被实际房间覆盖后假称闭合 (0.632292ms)
✔ 合法的未来地图和回访仍按 M1–M5 裁剪，装配只读 (41.220875ms)
✔ 目录账本保留 26 个唯一奖励、130 单位和五个 profile 的准确分母 (3.87475ms)
✔ M1 已加载结构、所有实体 / 房间 / 来源 / 效应引用闭合 (10.494333ms)
✔ 未实际收录的未来世界不能只凭完整目录声明为通过 (0.120542ms)
✔ 目录拒绝奖励改名、重复生产者、错误数量和重复数据事件 (5.323708ms)
✔ 目录拒绝目标环、主路径读取可选挑战和错误回访依赖 (2.792542ms)
✔ schema 拒绝未知 kind、脚本条件和数组伪装布尔 / 枚举 (13.119416ms)
✔ 地图拒绝重复 ID / 坐标、非有限坐标、孤立的主终端 (10.788916ms)
✔ 引用校验拒绝未知门 / 物资格、失配生产者和效应包 (19.368583ms)
✔ 安全恢复拒绝房间出口覆盖、传送入自动房间及反向自跳 (12.155875ms)
✔ 主路径和未收录展示不能携带全数据门、未来坐标或执行效应 (9.185208ms)
✔ 固定世界见证只允许公开命令，不接受进度或坐标注入 (1.281167ms)
ℹ tests 21
ℹ suites 0
ℹ pass 21
ℹ fail 0
ℹ cancelled 0
ℹ skipped 0
ℹ todo 0
ℹ duration_ms 216.483334
