✖ 真实内容校验入口拒绝 M5 见证被清空，M1–M4 通过不能代替 M5 (987.409542ms)
ℹ tests 1
ℹ suites 0
ℹ pass 0
ℹ fail 1
ℹ cancelled 0
ℹ skipped 0
ℹ todo 0
ℹ duration_ms 1072.557625

✖ failing tests:

test at tests/world-witness-inventory.test.ts:9:1
✖ 真实内容校验入口拒绝 M5 见证被清空，M1–M4 通过不能代替 M5 (987.409542ms)
  AssertionError [ERR_ASSERTION]: 删除 M5 世界见证后内容校验必须失败
      at TestContext.<anonymous> (file:///Users/caoyujie/codes/camellia-golden-week/tests/world-witness-inventory.test.ts:31:12)
      at Test.runInAsyncScope (node:async_hooks:227:14)
      at Test.run (node:internal/test_runner/test:1325:25)
      at Test.start (node:internal/test_runner/test:1191:17)
      at startSubtestAfterBootstrap (node:internal/test_runner/harness:385:17) {
    generatedMessage: false,
    code: 'ERR_ASSERTION',
    actual: 0,
    expected: 0,
    operator: 'notStrictEqual',
    diff: 'simple'
  }
