✔ 没有警报接触时，视觉拍点窗口与四档真实评分的首末边界完全一致 (3.029916ms)
✔ 拍点提示读取内容参数，不另写一套250/500/150ms常数 (0.212375ms)
✔ 已经计分的同一拍显示命中，下一拍重新提示移动 (0.162334ms)
✖ 踩拍受击消耗本拍后不再提示现在移动，节拍白光仍与时间同步 (0.648042ms)
✔ 暂停、失焦待恢复和准备倒数不提示玩家输入 (0.084375ms)
✔ 时间终点与已结算状态都关闭输入提示，拍数不会越界 (0.06275ms)
✔ 画面白光只在有效窗口亮起，拍点达到峰值，命中后仍保持同一节拍 (0.150917ms)
ℹ tests 7
ℹ suites 0
ℹ pass 6
ℹ fail 1
ℹ cancelled 0
ℹ skipped 0
ℹ todo 0
ℹ duration_ms 97.947417

✖ failing tests:

test at tests/firewall-cue.test.ts:111:1
✖ 踩拍受击消耗本拍后不再提示现在移动，节拍白光仍与时间同步 (0.648042ms)
  AssertionError [ERR_ASSERTION]: Expected values to be strictly equal:
  
  '现在移动' !== '本拍受击'
  
      at TestContext.<anonymous> (file:///Users/caoyujie/codes/camellia-golden-week/tests/firewall-cue.test.ts:124:10)
      at Test.runInAsyncScope (node:async_hooks:227:14)
      at Test.run (node:internal/test_runner/test:1325:25)
      at Test.processPendingSubtests (node:internal/test_runner/test:911:18)
      at Test.postRun (node:internal/test_runner/test:1465:19)
      at Test.run (node:internal/test_runner/test:1390:12)
      at async Test.processPendingSubtests (node:internal/test_runner/test:911:7) {
    generatedMessage: true,
    code: 'ERR_ASSERTION',
    actual: '现在移动',
    expected: '本拍受击',
    operator: 'strictEqual',
    diff: 'simple'
  }
