{"source":"HEAD 210a53e852dfbb0531cc54a592f995383d0583f3 frozen reducer + frozen v2 definition","ruleVersion":2}
✖ 录像回归：六次成功后普通错拍只减1，得到5而非1 (1.327292ms)
ℹ tests 1
ℹ suites 0
ℹ pass 0
ℹ fail 1
ℹ cancelled 0
ℹ skipped 0
ℹ todo 0
ℹ duration_ms 98.161834

✖ failing tests:

test at ../../../../private/tmp/camellia-firewall-penalty-red-green.test.mjs:10:1
✖ 录像回归：六次成功后普通错拍只减1，得到5而非1 (1.327292ms)
  AssertionError [ERR_ASSERTION]: Expected values to be strictly equal:
  
  1 !== 5
  
      at TestContext.<anonymous> (file:///private/tmp/camellia-firewall-penalty-red-green.test.mjs:20:9)
      at Test.runInAsyncScope (node:async_hooks:227:14)
      at Test.run (node:internal/test_runner/test:1325:25)
      at Test.start (node:internal/test_runner/test:1191:17)
      at startSubtestAfterBootstrap (node:internal/test_runner/harness:385:17) {
    generatedMessage: true,
    code: 'ERR_ASSERTION',
    actual: 1,
    expected: 5,
    operator: 'strictEqual',
    diff: 'simple'
  }
