? Verifying lockfile against supply-chain policies (112 entries)...
Lockfile is up to date, resolution step is skipped
Progress: resolved 1, reused 0, downloaded 0, added 0
Packages: +33
+++++++++++++++++++++++++++++++++
Packages are cloned from the content-addressable store to the virtual store.
  Content-addressable store is at: /Users/caoyujie/Library/pnpm/store/v11
  Virtual store is at:             node_modules/.pnpm
Progress: resolved 33, reused 13, downloaded 0, added 13

   ╭──────────────────────────────────────────────────────────────────────╮
   │                                                                      │
   │                 Update available! 11.25.0 → 12.3.4.                  │
   │                 Changelog: https://pnpm.io/v/12.3.4                  │
   │   To update, run: curl -fsSL https://get.pnpm.io/install.sh | sh -   │
   │                                                                      │
   ╰──────────────────────────────────────────────────────────────────────╯

Progress: resolved 33, reused 13, downloaded 10, added 22
✓ Lockfile passes supply-chain policies (112 entries in 3s)
Progress: resolved 33, reused 13, downloaded 16, added 29
Progress: resolved 33, reused 13, downloaded 20, added 33, done

dependencies:
+ three 0.185.0

devDependencies:
+ @types/node 24.13.4
+ @types/three 0.185.4
+ oxfmt 0.67.0
+ oxlint 1.82.0
+ typescript 7.0.2
+ vite 8.3.0

Done in 3.8s using pnpm v11.25.0
