✓ Lockfile passes supply-chain policies (verified 22m ago)
Lockfile is up to date, resolution step is skipped
Progress: resolved 1, reused 0, downloaded 0, added 0
Packages: +35
+++++++++++++++++++++++++++++++++++
Packages are cloned from the content-addressable store to the virtual store.
  Content-addressable store is at: /Users/caoyujie/Library/pnpm/store/v11
  Virtual store is at:             node_modules/.pnpm
Progress: resolved 35, reused 35, downloaded 0, added 35, done

dependencies:
+ three 0.185.0

devDependencies:
+ @types/node 24.13.4
+ @types/three 0.185.4
+ oxfmt 0.67.0
+ oxlint 1.82.0
+ playwright 1.63.0
+ typescript 7.0.2
+ vite 8.3.0

Done in 803ms using pnpm v11.25.0
