✔ P01 真实新档与正常中心教学到 A 区的载荷逐步合法，导出没有会话或渲染状态 (4.338958ms)
✔ P01 普通位置、已发现和已访问集合恢复一致，读回时钟和输入从空白开始 (0.752958ms)
✔ P06 未知或重复目标、奖励、格子、富集节点、显露组和传送点逐项被拒 (1.0345ms)
✔ P06 目标漏前置、能力或自动奖励与教学事务不一致时拒绝 (0.710292ms)
✔ P06 当前世界位置不能是未访问格、以太覆盖格、未开放门或未知棋盘 (0.611583ms)
✔ P06 富集节点完成与清除记录必须是同一完整事务 (0.398167ms)
✔ P01 / S02 迷宫预览刷新后重新观察完整 4 秒；危险格仅在预览显示 (1.543833ms)
✔ P01 / S02 迷宫活动态刷新保留玩家与布局，撤销历史丢弃，重置仍回完整出生基线 (0.9995ms)
✔ P01 / S01 真正踩危险格后保存合法恢复预览，临时结果与错误步不泄露 (0.655542ms)
✔ P06 静态存档拒绝危险或墙占格、重复对象、坏基线、错误锚点和待发结果注入 (1.357083ms)
✔ P06 未完成房间不能仅篡改 practice 标记冒充独立练习 (1.055333ms)
✔ P01 / S09 已完成迷宫重新进入的练习载荷可恢复，不能伪装成首次尝试 (1.415083ms)
✔ P01 / S09 正常完成迷宫、拾取物资与 M1 终端后的稳定记录可恢复 (0.966916ms)
✔ P01 / S09 完成布局访问态保存唯一玩家位置，恢复后危险失效且永久布局保持 (1.045875ms)
✔ P06 schema2 必须完整保存已完成静态布局，拒绝漏记、假布局、未知房间及非法访问占格 (1.152292ms)
✔ P02 实时准备及运行中只保存外层安全入口，分数与倒数不会进入载荷 (1.063417ms)
✔ P02 防火墙真实达标后立即保存结果，恢复不强制重打或重复发奖励 (1.557ms)
✔ P06 实时安全恢复提示不能改为其他房间、其他入口或混入静态活动存档 (0.868333ms)
✔ P05 高版本 schema / content / rule 和较新 profile 受保护，未登记迁移不猜测修复 (0.326584ms)
✔ P06 设置有限值按合同约束范围，NaN、未知字段和非 JSON 数据被拒 (0.1905ms)
✔ 稳定载荷与源世界互不别名，恢复的活动房间与输入载荷也互不别名 (0.711834ms)
✔ P06 真实进度的非法导入或合法导入写入失败不改变原世界及旧有效槽 (1.192875ms)
✔ P06 极大修订号 9007199254740991 导入后可连续移动、保存、导出并恢复 (9.048125ms)
✔ P06 极大修订号 9007199254740990 导入后可连续移动、保存、导出并恢复 (2.624042ms)
✔ P06 极大修订号 9007199254740989 导入后可连续移动、保存、导出并恢复 (2.866709ms)
✔ P01 普通修订号恢复保留原值与全部进度 (0.1895ms)
✔ P06 画质仅接受字符串枚举，拒绝可转换为合法文字的数组且保留原槽 (1.118334ms)
✔ P04 同代深层坏档保持冲突与原始导出，不使启动检查抛错 (7.88425ms)
✔ P04 两份同代深层相同坏载荷被归为损坏而非空档，比较不依赖递归栈 (19.086958ms)
✔ P06 1 MiB 导入边界使用合法 JSON 与尾部空白，不能被解析失败掩盖 (2.778667ms)
✔ P01 双槽交替写入完整快照，回读成功后才返回已保存，始终保留上一有效槽 (2.037375ms)
✔ P03 setItem 抛错或回读不匹配都不标为已保存，上一有效原槽仍可导出 (0.347208ms)
✔ P03 写后读取抛错也保留上一槽，恢复能力后重读发现已写入槽，不重复奖励事务 (0.162459ms)
✔ P04 以代数而非槽名、日期选择；坏 JSON 不等于空档，有效备份须明确恢复 (0.263333ms)
✔ P04 最新可解析代数的载荷损坏或时间字段损坏，不静默跳到旧槽 (0.161ms)
✔ P04 同代数不同载荷冲突停止自动载入；同载荷仅字段顺序和日期不同不冲突 (0.503ms)
✔ P05 最新较新版本与旧兼容槽并存，任何保存、导入、新游戏或备份恢复均保护原槽 (0.194667ms)
✔ P06 导入先大小、JSON、项目与语义校验；预览和失败均不写存储，脚本作为数据被拒 (2.044083ms)
✔ P06 单槽预算按 UTF-8 字节计算；导入虽低于 1 MiB 但迁移后超过 512 KiB 仍拒绝 (7.093875ms)
✔ P07 迁移先以单键保存两槽完整原文并回读；普通保存不覆盖迁移备份 (0.360958ms)
✔ P09 迁移备份写不下或回读不匹配时停止，两个原槽逐字保持 (0.400875ms)
✔ P09 不可读不等于无档；临时模式不写原槽，仍可导出内存快照 (0.2235ms)
✔ P10 写前重新读取，代数变化或同代数原文变化均拒绝过期快照 (0.144583ms)
✔ P10 保存最后一步再次核对会话锁，已释放的会话无法写入 (0.077209ms)
✔ P11 新游戏和导入都延续本地最大代数，旧高代数不能复活，原有效槽保留 (0.14375ms)
✔ P11 两槽都坏时新游戏须明确确认；保留原文的确认摘要跨刷新有效 (1.463333ms)
✔ 损坏原文的 SHA-256 与 Node 原生实现一致，覆盖中文、多块与尾部边界 (2.509125ms)
✔ 代数安全整数耗尽、循环 JSON 与校验器异常均失败且不写槽 (0.31125ms)
✔ P10 Web Locks 同源会话只一位持锁者；第二窗口不排队抢占，释放后显式重试可获取 (102.207167ms)
✔ 重复获取锁复用当前会话；不支持或 API 拒绝时不会假装可写 (0.263ms)
✔ 页面在获取锁完成前离开，迟到回调立即释放，不留下后台写会话 (0.117958ms)
✔ P03 临时读取失败保留最后可信基线，恢复读取后一次重试即可成功 (0.195541ms)
✔ P10 新外部槽使连续重试均拒绝，不能用一次冲突结果接受新基线覆盖旧内存 (0.104375ms)
✔ P03 回读异常后只有确认本次原文和保留槽均一致才接续本次写入基线 (0.156ms)
✔ P10 本次写入后保留槽被外部更改也不接受新基线 (0.098ms)
ℹ tests 55
ℹ suites 0
ℹ pass 55
ℹ fail 0
ℹ cancelled 0
ℹ skipped 0
ℹ todo 0
ℹ duration_ms 222.349958
