✖ P06 1 MiB 导入边界使用合法 JSON 与尾部空白，不能被解析失败掩盖 (6.813292ms)
ℹ tests 1
ℹ suites 0
ℹ pass 0
ℹ fail 1
ℹ cancelled 0
ℹ skipped 0
ℹ todo 0
ℹ duration_ms 110.5645

✖ failing tests:

test at tests/save-review-regressions.test.ts:150:1
✖ P06 1 MiB 导入边界使用合法 JSON 与尾部空白，不能被解析失败掩盖 (6.813292ms)
  AssertionError [ERR_ASSERTION]: The expression evaluated to a falsy value:
  
    assert.ok(!oversized.ok && oversized.code === "tooLarge")
  
      at TestContext.<anonymous> (file:///private/var/folders/4s/gltp69rs7tzgs6lp0mb4kbtc0000gn/T/camellia-import-boundary-u83yo0fh/tests/save-review-regressions.test.ts:157:10)
      at Test.runInAsyncScope (node:async_hooks:227:14)
      at Test.run (node:internal/test_runner/test:1325:25)
      at Test.start (node:internal/test_runner/test:1191:17)
      at startSubtestAfterBootstrap (node:internal/test_runner/harness:385:17) {
    generatedMessage: true,
    code: 'ERR_ASSERTION',
    actual: false,
    expected: true,
    operator: '==',
    diff: 'simple'
  }
