✖ P06 极大修订号 9007199254740991 导入后可连续移动、保存、导出并恢复 (5.061958ms)
✖ P06 极大修订号 9007199254740990 导入后可连续移动、保存、导出并恢复 (4.131833ms)
✖ P06 极大修订号 9007199254740989 导入后可连续移动、保存、导出并恢复 (3.326583ms)
✔ P01 普通修订号恢复保留原值与全部进度 (0.303916ms)
✖ P06 画质仅接受字符串枚举，拒绝可转换为合法文字的数组且保留原槽 (0.291ms)
✖ P04 同代深层坏档保持冲突与原始导出，不使启动检查抛错 (1.616416ms)
✖ P04 两份同代深层相同坏载荷被归为损坏而非空档，比较不依赖递归栈 (3.038292ms)
✔ P06 1 MiB 导入边界使用合法 JSON 与尾部空白，不能被解析失败掩盖 (2.797209ms)
ℹ tests 8
ℹ suites 0
ℹ pass 2
ℹ fail 6
ℹ cancelled 0
ℹ skipped 0
ℹ todo 0
ℹ duration_ms 127.63975

✖ failing tests:

test at tests/save-review-regressions.test.ts:28:3
✖ P06 极大修订号 9007199254740991 导入后可连续移动、保存、导出并恢复 (5.061958ms)
  AssertionError [ERR_ASSERTION]: 状态修订号无效
      at TestContext.<anonymous> (file:///Users/caoyujie/codes/camellia-golden-week/tests/save-review-regressions.test.ts:46:14)
      at Test.runInAsyncScope (node:async_hooks:227:14)
      at Test.run (node:internal/test_runner/test:1325:25)
      at Test.start (node:internal/test_runner/test:1191:17)
      at startSubtestAfterBootstrap (node:internal/test_runner/harness:385:17) {
    generatedMessage: false,
    code: 'ERR_ASSERTION',
    actual: false,
    expected: true,
    operator: '==',
    diff: 'simple'
  }

test at tests/save-review-regressions.test.ts:28:3
✖ P06 极大修订号 9007199254740990 导入后可连续移动、保存、导出并恢复 (4.131833ms)
  AssertionError [ERR_ASSERTION]: 状态修订号无效
      at TestContext.<anonymous> (file:///Users/caoyujie/codes/camellia-golden-week/tests/save-review-regressions.test.ts:46:14)
      at Test.runInAsyncScope (node:async_hooks:227:14)
      at Test.run (node:internal/test_runner/test:1325:25)
      at Test.processPendingSubtests (node:internal/test_runner/test:911:18)
      at Test.postRun (node:internal/test_runner/test:1465:19)
      at Test.run (node:internal/test_runner/test:1390:12)
      at async startSubtestAfterBootstrap (node:internal/test_runner/harness:385:3) {
    generatedMessage: false,
    code: 'ERR_ASSERTION',
    actual: false,
    expected: true,
    operator: '==',
    diff: 'simple'
  }

test at tests/save-review-regressions.test.ts:28:3
✖ P06 极大修订号 9007199254740989 导入后可连续移动、保存、导出并恢复 (3.326583ms)
  AssertionError [ERR_ASSERTION]: 状态修订号无效
      at TestContext.<anonymous> (file:///Users/caoyujie/codes/camellia-golden-week/tests/save-review-regressions.test.ts:46:14)
      at Test.runInAsyncScope (node:async_hooks:227:14)
      at Test.run (node:internal/test_runner/test:1325:25)
      at Test.processPendingSubtests (node:internal/test_runner/test:911:18)
      at Test.postRun (node:internal/test_runner/test:1465:19)
      at Test.run (node:internal/test_runner/test:1390:12)
      at async Test.processPendingSubtests (node:internal/test_runner/test:911:7) {
    generatedMessage: false,
    code: 'ERR_ASSERTION',
    actual: false,
    expected: true,
    operator: '==',
    diff: 'simple'
  }

test at tests/save-review-regressions.test.ts:63:1
✖ P06 画质仅接受字符串枚举，拒绝可转换为合法文字的数组且保留原槽 (0.291ms)
  AssertionError [ERR_ASSERTION]: ["low"]
      at TestContext.<anonymous> (file:///Users/caoyujie/codes/camellia-golden-week/tests/save-review-regressions.test.ts:71:12)
      at Test.runInAsyncScope (node:async_hooks:227:14)
      at Test.run (node:internal/test_runner/test:1325:25)
      at Test.processPendingSubtests (node:internal/test_runner/test:911:18)
      at Test.postRun (node:internal/test_runner/test:1465:19)
      at Test.run (node:internal/test_runner/test:1390:12)
      at async Test.processPendingSubtests (node:internal/test_runner/test:911:7) {
    generatedMessage: false,
    code: 'ERR_ASSERTION',
    actual: false,
    expected: true,
    operator: '==',
    diff: 'simple'
  }

test at tests/save-review-regressions.test.ts:86:1
✖ P04 同代深层坏档保持冲突与原始导出，不使启动检查抛错 (1.616416ms)
  RangeError: Maximum call stack size exceeded
      at Array.map (<anonymous>)
      at canonicalJson (file:///Users/caoyujie/codes/camellia-golden-week/src/platform/save-store.ts:355:22)
      at file:///Users/caoyujie/codes/camellia-golden-week/src/platform/save-store.ts:355:45
      at Array.map (<anonymous>)
      at canonicalJson (file:///Users/caoyujie/codes/camellia-golden-week/src/platform/save-store.ts:355:22)
      at file:///Users/caoyujie/codes/camellia-golden-week/src/platform/save-store.ts:355:45
      at Array.map (<anonymous>)
      at canonicalJson (file:///Users/caoyujie/codes/camellia-golden-week/src/platform/save-store.ts:355:22)
      at file:///Users/caoyujie/codes/camellia-golden-week/src/platform/save-store.ts:355:45
      at Array.map (<anonymous>)

test at tests/save-review-regressions.test.ts:111:1
✖ P04 两份同代深层相同坏载荷被归为损坏而非空档，比较不依赖递归栈 (3.038292ms)
  RangeError: Maximum call stack size exceeded
      at canonicalJson (file:///Users/caoyujie/codes/camellia-golden-week/src/platform/save-store.ts:353:23)
      at file:///Users/caoyujie/codes/camellia-golden-week/src/platform/save-store.ts:355:45
      at Array.map (<anonymous>)
      at canonicalJson (file:///Users/caoyujie/codes/camellia-golden-week/src/platform/save-store.ts:355:22)
      at file:///Users/caoyujie/codes/camellia-golden-week/src/platform/save-store.ts:355:45
      at Array.map (<anonymous>)
      at canonicalJson (file:///Users/caoyujie/codes/camellia-golden-week/src/platform/save-store.ts:355:22)
      at file:///Users/caoyujie/codes/camellia-golden-week/src/platform/save-store.ts:355:45
      at Array.map (<anonymous>)
      at canonicalJson (file:///Users/caoyujie/codes/camellia-golden-week/src/platform/save-store.ts:355:22)
