✔ 配乐迟到启用时从当前乐句位置播放，逐帧同步不重播或叠加循环 (17.212792ms)
✖ 同局音频设备延迟变化后重新对齐当前乐句，小幅测量抖动不会重启 (1.800709ms)
✔ V04 新一次启用成功后，旧声音请求迟到失败不能关闭声音 (1.477541ms)
✔ V04 新一次启用失败后，旧 resume 迟到成功不能覆盖最新失败 (1.628875ms)
✔ V04 disable 使尚未完成的音频启用失效，迟到资源不会重新启用 (0.930666ms)
✔ V04 dispose 使尚未完成的音频启用失效，迟到资源不会重新启用 (1.080792ms)
✔ 暂停停止配乐，恢复倒数不播放，倒数结束从冻结的乐句位置继续 (0.923875ms)
✔ 浏览器拒绝声音和本地声音缺失均可再次启用，不静默标为正常 (1.082708ms)
✔ 无效音效180ms限频不作用于成功反馈，未变音量不反复调度 (1.601791ms)
ℹ tests 9
ℹ suites 0
ℹ pass 8
ℹ fail 1
ℹ cancelled 0
ℹ skipped 0
ℹ todo 0
ℹ duration_ms 125.21775

✖ failing tests:

test at tests/audio.test.ts:147:1
✖ 同局音频设备延迟变化后重新对齐当前乐句，小幅测量抖动不会重启 (1.800709ms)
  AssertionError [ERR_ASSERTION]: 设备延迟增加220ms后必须修复超出判定窗的相位偏差
  
  1 !== 2
  
      at TestContext.<anonymous> (file:///Users/caoyujie/codes/camellia-golden-week/tests/audio.test.ts:156:10)
      at async Test.run (node:internal/test_runner/test:1332:7)
      at async Test.processPendingSubtests (node:internal/test_runner/test:911:7) {
    generatedMessage: false,
    code: 'ERR_ASSERTION',
    actual: 1,
    expected: 2,
    operator: 'strictEqual',
    diff: 'simple'
  }
