✖ 原参考的防火墙为完整 5 列 4 行，四档均不能沿用通用 5×5 棋盘 (0.785083ms)
ℹ tests 1
ℹ suites 0
ℹ pass 0
ℹ fail 1
ℹ cancelled 0
ℹ skipped 0
ℹ todo 0
ℹ duration_ms 78.204875

✖ failing tests:

test at ../../../../private/tmp/camellia-firewall-layout-red/tests/layout.test.ts:5:1
✖ 原参考的防火墙为完整 5 列 4 行，四档均不能沿用通用 5×5 棋盘 (0.785083ms)
  AssertionError [ERR_ASSERTION]: a.firewall.tutorial
  
  25 !== 20
  
      at TestContext.<anonymous> (file:///private/tmp/camellia-firewall-layout-red/tests/layout.test.ts:9:12)
      at Test.runInAsyncScope (node:async_hooks:227:14)
      at Test.run (node:internal/test_runner/test:1325:25)
      at Test.start (node:internal/test_runner/test:1191:17)
      at startSubtestAfterBootstrap (node:internal/test_runner/harness:385:17) {
    generatedMessage: false,
    code: 'ERR_ASSERTION',
    actual: 25,
    expected: 20,
    operator: 'strictEqual',
    diff: 'simple'
  }
