✖ v2 内容校验拒绝深层或核心沿用旧棋盘的危险格数量上限 (3.500209ms)
ℹ tests 1
ℹ suites 0
ℹ pass 0
ℹ fail 1
ℹ cancelled 0
ℹ skipped 0
ℹ todo 0
ℹ duration_ms 131.452042

✖ failing tests:

test at tests/firewall-release.test.ts:142:1
✖ v2 内容校验拒绝深层或核心沿用旧棋盘的危险格数量上限 (3.500209ms)
  AssertionError [ERR_ASSERTION]: The expression evaluated to a falsy value:
  
    assert.ok(validateRealtimeDefinition(oversized).some((issue) => issue.path === "rules.beatMasks" && issue.message.includes("上限")))
  
      at TestContext.<anonymous> (file:///Users/caoyujie/codes/camellia-golden-week/tests/firewall-release.test.ts:149:12)
      at Test.runInAsyncScope (node:async_hooks:227:14)
      at Test.run (node:internal/test_runner/test:1325:25)
      at Test.start (node:internal/test_runner/test:1191:17)
      at startSubtestAfterBootstrap (node:internal/test_runner/harness:385:17) {
    generatedMessage: true,
    code: 'ERR_ASSERTION',
    actual: false,
    expected: true,
    operator: '==',
    diff: 'simple'
  }
